// Jest Snapshot v1, https://goo.gl/fbAQLP

exports[`EuiXAxis render the x axis 1`] = `
<div
  style="width: 100%; height: 100%;"
>
  <div
    aria-label="aria-label"
    class="testClass1 testClass2 euiSeriesChartContainer"
    data-test-subj="test subject string"
  >
    <div
      class="rv-xy-plot "
      style="width: 600px; height: 200px;"
    >
      <svg
        class="rv-xy-plot__inner"
        height="200"
        style="width: 100%; height: 100%;"
        width="600"
      >
        <g
          class="rv-xy-plot__axis rv-xy-plot__axis--horizontal "
          transform="translate(40,160)"
        >
          <line
            class="rv-xy-plot__axis__line"
            x1="0"
            x2="550"
            y1="0"
            y2="0"
          />
          <g
            class="rv-xy-plot__axis__ticks"
            transform="translate(0, 0)"
          >
            <g
              class="rv-xy-plot__axis__tick"
              transform="translate(0, 0)"
            >
              <line
                class="rv-xy-plot__axis__tick__line"
                x1="0"
                x2="0"
                y1="0"
                y2="0"
              />
              <text
                class="rv-xy-plot__axis__tick__text"
                dy="0.72em"
                text-anchor="middle"
                transform="translate(0, 8)"
              >
                0.0
              </text>
            </g>
            <g
              class="rv-xy-plot__axis__tick"
              transform="translate(55, 0)"
            >
              <line
                class="rv-xy-plot__axis__tick__line"
                x1="0"
                x2="0"
                y1="0"
                y2="0"
              />
              <text
                class="rv-xy-plot__axis__tick__text"
                dy="0.72em"
                text-anchor="middle"
                transform="translate(0, 8)"
              >
                0.1
              </text>
            </g>
            <g
              class="rv-xy-plot__axis__tick"
              transform="translate(110, 0)"
            >
              <line
                class="rv-xy-plot__axis__tick__line"
                x1="0"
                x2="0"
                y1="0"
                y2="0"
              />
              <text
                class="rv-xy-plot__axis__tick__text"
                dy="0.72em"
                text-anchor="middle"
                transform="translate(0, 8)"
              >
                0.2
              </text>
            </g>
            <g
              class="rv-xy-plot__axis__tick"
              transform="translate(165, 0)"
            >
              <line
                class="rv-xy-plot__axis__tick__line"
                x1="0"
                x2="0"
                y1="0"
                y2="0"
              />
              <text
                class="rv-xy-plot__axis__tick__text"
                dy="0.72em"
                text-anchor="middle"
                transform="translate(0, 8)"
              >
                0.3
              </text>
            </g>
            <g
              class="rv-xy-plot__axis__tick"
              transform="translate(220, 0)"
            >
              <line
                class="rv-xy-plot__axis__tick__line"
                x1="0"
                x2="0"
                y1="0"
                y2="0"
              />
              <text
                class="rv-xy-plot__axis__tick__text"
                dy="0.72em"
                text-anchor="middle"
                transform="translate(0, 8)"
              >
                0.4
              </text>
            </g>
            <g
              class="rv-xy-plot__axis__tick"
              transform="translate(275, 0)"
            >
              <line
                class="rv-xy-plot__axis__tick__line"
                x1="0"
                x2="0"
                y1="0"
                y2="0"
              />
              <text
                class="rv-xy-plot__axis__tick__text"
                dy="0.72em"
                text-anchor="middle"
                transform="translate(0, 8)"
              >
                0.5
              </text>
            </g>
            <g
              class="rv-xy-plot__axis__tick"
              transform="translate(330, 0)"
            >
              <line
                class="rv-xy-plot__axis__tick__line"
                x1="0"
                x2="0"
                y1="0"
                y2="0"
              />
              <text
                class="rv-xy-plot__axis__tick__text"
                dy="0.72em"
                text-anchor="middle"
                transform="translate(0, 8)"
              >
                0.6
              </text>
            </g>
            <g
              class="rv-xy-plot__axis__tick"
              transform="translate(385, 0)"
            >
              <line
                class="rv-xy-plot__axis__tick__line"
                x1="0"
                x2="0"
                y1="0"
                y2="0"
              />
              <text
                class="rv-xy-plot__axis__tick__text"
                dy="0.72em"
                text-anchor="middle"
                transform="translate(0, 8)"
              >
                0.7
              </text>
            </g>
            <g
              class="rv-xy-plot__axis__tick"
              transform="translate(440, 0)"
            >
              <line
                class="rv-xy-plot__axis__tick__line"
                x1="0"
                x2="0"
                y1="0"
                y2="0"
              />
              <text
                class="rv-xy-plot__axis__tick__text"
                dy="0.72em"
                text-anchor="middle"
                transform="translate(0, 8)"
              >
                0.8
              </text>
            </g>
            <g
              class="rv-xy-plot__axis__tick"
              transform="translate(495, 0)"
            >
              <line
                class="rv-xy-plot__axis__tick__line"
                x1="0"
                x2="0"
                y1="0"
                y2="0"
              />
              <text
                class="rv-xy-plot__axis__tick__text"
                dy="0.72em"
                text-anchor="middle"
                transform="translate(0, 8)"
              >
                0.9
              </text>
            </g>
            <g
              class="rv-xy-plot__axis__tick"
              transform="translate(550, 0)"
            >
              <line
                class="rv-xy-plot__axis__tick__line"
                x1="0"
                x2="0"
                y1="0"
                y2="0"
              />
              <text
                class="rv-xy-plot__axis__tick__text"
                dy="0.72em"
                text-anchor="middle"
                transform="translate(0, 8)"
              >
                1.0
              </text>
            </g>
          </g>
        </g>
        <path
          class="rv-xy-plot__series rv-xy-plot__series--line "
          d="M0,150L550,0"
          style="opacity: 1; stroke-width: 3; stroke: white; pointer-events: visiblestroke;"
          transform="translate(40,10)"
        />
        <path
          class="rv-xy-plot__series rv-xy-plot__series--line "
          d="M0,150L550,0"
          style="opacity: 1; stroke-width: 1; stroke: #00B3A4; pointer-events: visiblestroke;"
          transform="translate(40,10)"
        />
      </svg>
    </div>
  </div>
</div>
`;
