// Jest Snapshot v1, https://goo.gl/fbAQLP

exports[`EuiFilterSelectItem is rendered 1`] = `
<button
  aria-label="aria-label"
  class="euiFilterSelectItem testClass1 testClass2"
  data-test-subj="test subject string"
  role="option"
  type="button"
>
  <span
    class="euiFlexGroup euiFlexGroup--gutterSmall euiFlexGroup--alignItemsCenter euiFlexGroup--directionRow"
  >
    <div
      class="euiFlexItem euiFlexItem--flexGrowZero"
    >
      <svg
        class="euiIcon euiIcon--medium"
        focusable="false"
        height="16"
        viewBox="0 0 16 16"
        width="16"
        xmlns="http://www.w3.org/2000/svg"
      />
    </div>
    <div
      class="euiFlexItem euiFilterSelectItem__content"
    />
  </span>
</button>
`;
