// Jest Snapshot v1, https://goo.gl/fbAQLP

exports[`EuiFieldPassword is rendered 1`] = `
<div
  class="euiFormControlLayout"
>
  <input
    aria-label="aria-label"
    class="euiFieldPassword testClass1 testClass2"
    data-test-subj="test subject string"
    type="password"
  />
  <svg
    class="euiIcon euiFormControlLayout__icon euiIcon--medium"
  >
    <title>
      lock icon
    </title>
    <use
      href="#lock"
    />
  </svg>
</div>
`;
