// Jest Snapshot v1, https://goo.gl/fbAQLP

exports[`EuiHeaderBreadcrumbs is rendered 1`] = `
<nav
  aria-label="aria-label"
  class="euiBreadcrumbs euiHeaderBreadcrumbs testClass1 testClass2 euiBreadcrumbs--truncate"
  data-test-subj="test subject string"
>
  <ol
    class="euiBreadcrumbs__list"
  >
    <li
      class="euiBreadcrumb"
    >
      <a
        class="euiLink euiLink--subdued euiBreadcrumb__content customClass"
        data-test-subj="breadcrumbsAnimals"
        href="#"
        rel="noreferrer"
      >
        Animals
      </a>
    </li>
    <li
      class="euiBreadcrumb"
    >
      <button
        class="euiLink euiLink--subdued euiBreadcrumb__content"
        type="button"
      >
        Reptiles
      </button>
    </li>
    <li
      class="euiBreadcrumb"
    >
      <a
        class="euiLink euiLink--subdued euiBreadcrumb__content"
        href="#"
        rel="noreferrer"
      >
        Boa constrictor
      </a>
    </li>
    <li
      class="euiBreadcrumb euiBreadcrumb--last"
    >
      <span
        aria-current="page"
        class="euiBreadcrumb__content"
      >
        Edit
      </span>
    </li>
  </ol>
</nav>
`;
