// Jest Snapshot v1, https://goo.gl/fbAQLP

exports[`EuiSearchBarFilters render - no filters 1`] = `
<div
  class="euiFilterGroup emotion-euiFilterGroup-uncompressed"
/>
`;

exports[`EuiSearchBarFilters render - with filters 1`] = `
<div
  class="euiFilterGroup emotion-euiFilterGroup-uncompressed"
>
  <button
    aria-pressed="false"
    class="euiButtonEmpty euiFilterButton emotion-euiButtonDisplay-euiButtonEmpty-m-empty-text-euiFilterButton"
    type="button"
  >
    <span
      class="euiButtonEmpty__content emotion-euiButtonDisplayContent-euiFilterButton__content"
    >
      <span
        class="eui-textTruncate euiButtonEmpty__text euiFilterButton__text emotion-euiFilterButton__text"
      >
        <span
          class="euiFilterButton__textShift emotion-euiFilterButton__textShift"
          data-text="Open"
          title="Open"
        >
          Open
        </span>
      </span>
    </span>
  </button>
  <div
    class="euiPopover emotion-euiPopover"
  >
    <div
      class="euiPopover__anchor css-16vtueo-render"
    >
      <button
        class="euiButtonEmpty euiFilterButton emotion-euiButtonDisplay-euiButtonEmpty-m-empty-text-euiFilterButton"
        type="button"
      >
        <span
          class="euiButtonEmpty__content emotion-euiButtonDisplayContent-euiFilterButton__content-hasIcon"
        >
          <span
            class="eui-textTruncate euiButtonEmpty__text euiFilterButton__text emotion-euiFilterButton__text"
          >
            <span
              class="euiFilterButton__textShift emotion-euiFilterButton__textShift"
              data-text="Tag"
              title="Tag"
            >
              Tag
            </span>
          </span>
          <span
            color="inherit"
            data-euiicon-type="arrowDown"
          />
        </span>
      </button>
    </div>
  </div>
</div>
`;
