// Jest Snapshot v1, https://goo.gl/fbAQLP

exports[`EuiSelectableListItem is rendered 1`] = `
<div
  class="euiSelectableList testClass1 testClass2"
  data-test-subj="test subject string"
>
  <div
    data-eui="EuiAutoSizer"
  >
    <div
      class="euiSelectableList__list"
      style="position:relative;height:192px;width:600px;overflow:auto;-webkit-overflow-scrolling:touch;will-change:transform;direction:ltr"
    >
      <ul
        style="height:192px;width:100%"
      >
        <li
          aria-posinset="1"
          aria-selected="false"
          aria-setsize="6"
          class="euiSelectableListItem"
          data-test-subj="titanOption"
          id="option_0"
          role="option"
          style="position:absolute;left:0;top:0;height:32px;width:100%"
          title="Titan"
        >
          <span
            class="euiSelectableListItem__content"
          >
            <span
              class="euiSelectableListItem__icon"
              data-euiicon-type="empty"
            />
            <span
              class="euiSelectableListItem__text"
            >
              <span>
                Titan
              </span>
            </span>
          </span>
        </li>
        <li
          aria-posinset="2"
          aria-selected="false"
          aria-setsize="6"
          class="euiSelectableListItem"
          id="option_1"
          role="option"
          style="position:absolute;left:0;top:32px;height:32px;width:100%"
          title="Enceladus"
        >
          <span
            class="euiSelectableListItem__content"
          >
            <span
              class="euiSelectableListItem__icon"
              data-euiicon-type="empty"
            />
            <span
              class="euiSelectableListItem__text"
            >
              <span>
                Enceladus
              </span>
            </span>
          </span>
        </li>
        <li
          aria-posinset="3"
          aria-selected="false"
          aria-setsize="6"
          class="euiSelectableListItem"
          id="option_2"
          role="option"
          style="position:absolute;left:0;top:64px;height:32px;width:100%"
          title="Mimas"
        >
          <span
            class="euiSelectableListItem__content"
          >
            <span
              class="euiSelectableListItem__icon"
              data-euiicon-type="empty"
            />
            <span
              class="euiSelectableListItem__text"
            >
              <span>
                Mimas
              </span>
            </span>
          </span>
        </li>
        <li
          aria-posinset="4"
          aria-selected="false"
          aria-setsize="6"
          class="euiSelectableListItem"
          id="option_3"
          role="option"
          style="position:absolute;left:0;top:96px;height:32px;width:100%"
          title="Pandora is one of Saturn's moons, named for a Titaness of Greek mythology"
        >
          <span
            class="euiSelectableListItem__content"
          >
            <span
              class="euiSelectableListItem__icon"
              data-euiicon-type="empty"
            />
            <span
              class="euiSelectableListItem__text"
            >
              <span>
                Pandora is one of Saturn's moons, named for a Titaness of Greek mythology
              </span>
            </span>
          </span>
        </li>
        <li
          aria-posinset="5"
          aria-selected="false"
          aria-setsize="6"
          class="euiSelectableListItem"
          id="option_4"
          role="option"
          style="position:absolute;left:0;top:128px;height:32px;width:100%"
          title="Tethys"
        >
          <span
            class="euiSelectableListItem__content"
          >
            <span
              class="euiSelectableListItem__icon"
              data-euiicon-type="empty"
            />
            <span
              class="euiSelectableListItem__text"
            >
              <span>
                Tethys
              </span>
            </span>
          </span>
        </li>
        <li
          aria-posinset="6"
          aria-selected="false"
          aria-setsize="6"
          class="euiSelectableListItem"
          id="option_5"
          role="option"
          style="position:absolute;left:0;top:160px;height:32px;width:100%"
          title="Hyperion"
        >
          <span
            class="euiSelectableListItem__content"
          >
            <span
              class="euiSelectableListItem__icon"
              data-euiicon-type="empty"
            />
            <span
              class="euiSelectableListItem__text"
            >
              <span>
                Hyperion
              </span>
            </span>
          </span>
        </li>
      </ul>
    </div>
  </div>
</div>
`;

exports[`EuiSelectableListItem props activeOptionIndex 1`] = `
<div
  class="euiSelectableList testClass1 testClass2"
  data-test-subj="test subject string"
>
  <div
    data-eui="EuiAutoSizer"
  >
    <div
      class="euiSelectableList__list"
      style="position:relative;height:192px;width:600px;overflow:auto;-webkit-overflow-scrolling:touch;will-change:transform;direction:ltr"
    >
      <ul
        style="height:192px;width:100%"
      >
        <li
          aria-posinset="1"
          aria-selected="false"
          aria-setsize="6"
          class="euiSelectableListItem"
          data-test-subj="titanOption"
          id="option_0"
          role="option"
          style="position:absolute;left:0;top:0;height:32px;width:100%"
          title="Titan"
        >
          <span
            class="euiSelectableListItem__content"
          >
            <span
              class="euiSelectableListItem__icon"
              data-euiicon-type="empty"
            />
            <span
              class="euiSelectableListItem__text"
            >
              <span>
                Titan
              </span>
            </span>
          </span>
        </li>
        <li
          aria-posinset="2"
          aria-selected="false"
          aria-setsize="6"
          class="euiSelectableListItem"
          id="option_1"
          role="option"
          style="position:absolute;left:0;top:32px;height:32px;width:100%"
          title="Enceladus"
        >
          <span
            class="euiSelectableListItem__content"
          >
            <span
              class="euiSelectableListItem__icon"
              data-euiicon-type="empty"
            />
            <span
              class="euiSelectableListItem__text"
            >
              <span>
                Enceladus
              </span>
            </span>
          </span>
        </li>
        <li
          aria-posinset="3"
          aria-selected="false"
          aria-setsize="6"
          class="euiSelectableListItem euiSelectableListItem-isFocused"
          id="option_2"
          role="option"
          style="position:absolute;left:0;top:64px;height:32px;width:100%"
          title="Mimas"
        >
          <span
            class="euiSelectableListItem__content"
          >
            <span
              class="euiSelectableListItem__icon"
              data-euiicon-type="empty"
            />
            <span
              class="euiSelectableListItem__text"
            >
              <span>
                Mimas
              </span>
            </span>
            <span
              class="euiSelectableListItem__append"
            >
               
              <span
                aria-hidden="true"
                class="euiBadge euiBadge--hollow euiBadge--iconLeft euiSelectableListItem__onFocusBadge"
              >
                <span
                  class="euiBadge__content"
                >
                  <span
                    class="euiBadge__icon"
                    color="inherit"
                    data-euiicon-type="returnKey"
                  />
                </span>
              </span>
            </span>
          </span>
        </li>
        <li
          aria-posinset="4"
          aria-selected="false"
          aria-setsize="6"
          class="euiSelectableListItem"
          id="option_3"
          role="option"
          style="position:absolute;left:0;top:96px;height:32px;width:100%"
          title="Pandora is one of Saturn's moons, named for a Titaness of Greek mythology"
        >
          <span
            class="euiSelectableListItem__content"
          >
            <span
              class="euiSelectableListItem__icon"
              data-euiicon-type="empty"
            />
            <span
              class="euiSelectableListItem__text"
            >
              <span>
                Pandora is one of Saturn's moons, named for a Titaness of Greek mythology
              </span>
            </span>
          </span>
        </li>
        <li
          aria-posinset="5"
          aria-selected="false"
          aria-setsize="6"
          class="euiSelectableListItem"
          id="option_4"
          role="option"
          style="position:absolute;left:0;top:128px;height:32px;width:100%"
          title="Tethys"
        >
          <span
            class="euiSelectableListItem__content"
          >
            <span
              class="euiSelectableListItem__icon"
              data-euiicon-type="empty"
            />
            <span
              class="euiSelectableListItem__text"
            >
              <span>
                Tethys
              </span>
            </span>
          </span>
        </li>
        <li
          aria-posinset="6"
          aria-selected="false"
          aria-setsize="6"
          class="euiSelectableListItem"
          id="option_5"
          role="option"
          style="position:absolute;left:0;top:160px;height:32px;width:100%"
          title="Hyperion"
        >
          <span
            class="euiSelectableListItem__content"
          >
            <span
              class="euiSelectableListItem__icon"
              data-euiicon-type="empty"
            />
            <span
              class="euiSelectableListItem__text"
            >
              <span>
                Hyperion
              </span>
            </span>
          </span>
        </li>
      </ul>
    </div>
  </div>
</div>
`;

exports[`EuiSelectableListItem props allowExclusions 1`] = `
<div
  class="euiSelectableList testClass1 testClass2"
  data-test-subj="test subject string"
>
  <div
    data-eui="EuiAutoSizer"
  >
    <div
      class="euiSelectableList__list"
      style="position:relative;height:192px;width:600px;overflow:auto;-webkit-overflow-scrolling:touch;will-change:transform;direction:ltr"
    >
      <ul
        style="height:192px;width:100%"
      >
        <li
          aria-posinset="1"
          aria-selected="false"
          aria-setsize="6"
          class="euiSelectableListItem"
          data-test-subj="titanOption"
          id="option_0"
          role="option"
          style="position:absolute;left:0;top:0;height:32px;width:100%"
          title="Titan"
        >
          <span
            class="euiSelectableListItem__content"
          >
            <span
              class="euiSelectableListItem__icon"
              data-euiicon-type="empty"
            />
            <span
              class="euiSelectableListItem__text"
            >
              <span>
                Titan
              </span>
            </span>
          </span>
        </li>
        <li
          aria-posinset="2"
          aria-selected="false"
          aria-setsize="6"
          class="euiSelectableListItem"
          id="option_1"
          role="option"
          style="position:absolute;left:0;top:32px;height:32px;width:100%"
          title="Enceladus"
        >
          <span
            class="euiSelectableListItem__content"
          >
            <span
              class="euiSelectableListItem__icon"
              data-euiicon-type="empty"
            />
            <span
              class="euiSelectableListItem__text"
            >
              <span>
                Enceladus
              </span>
            </span>
          </span>
        </li>
        <li
          aria-posinset="3"
          aria-selected="false"
          aria-setsize="6"
          class="euiSelectableListItem"
          id="option_2"
          role="option"
          style="position:absolute;left:0;top:64px;height:32px;width:100%"
          title="Mimas"
        >
          <span
            class="euiSelectableListItem__content"
          >
            <span
              class="euiSelectableListItem__icon"
              data-euiicon-type="empty"
            />
            <span
              class="euiSelectableListItem__text"
            >
              <span>
                Mimas
              </span>
            </span>
          </span>
        </li>
        <li
          aria-posinset="4"
          aria-selected="false"
          aria-setsize="6"
          class="euiSelectableListItem"
          id="option_3"
          role="option"
          style="position:absolute;left:0;top:96px;height:32px;width:100%"
          title="Pandora is one of Saturn's moons, named for a Titaness of Greek mythology"
        >
          <span
            class="euiSelectableListItem__content"
          >
            <span
              class="euiSelectableListItem__icon"
              data-euiicon-type="empty"
            />
            <span
              class="euiSelectableListItem__text"
            >
              <span>
                Pandora is one of Saturn's moons, named for a Titaness of Greek mythology
              </span>
            </span>
          </span>
        </li>
        <li
          aria-posinset="5"
          aria-selected="false"
          aria-setsize="6"
          class="euiSelectableListItem"
          id="option_4"
          role="option"
          style="position:absolute;left:0;top:128px;height:32px;width:100%"
          title="Tethys"
        >
          <span
            class="euiSelectableListItem__content"
          >
            <span
              class="euiSelectableListItem__icon"
              data-euiicon-type="empty"
            />
            <span
              class="euiSelectableListItem__text"
            >
              <span>
                Tethys
              </span>
            </span>
          </span>
        </li>
        <li
          aria-posinset="6"
          aria-selected="false"
          aria-setsize="6"
          class="euiSelectableListItem"
          id="option_5"
          role="option"
          style="position:absolute;left:0;top:160px;height:32px;width:100%"
          title="Hyperion"
        >
          <span
            class="euiSelectableListItem__content"
          >
            <span
              class="euiSelectableListItem__icon"
              data-euiicon-type="empty"
            />
            <span
              class="euiSelectableListItem__text"
            >
              <span>
                Hyperion
              </span>
            </span>
          </span>
        </li>
      </ul>
    </div>
  </div>
</div>
`;

exports[`EuiSelectableListItem props bordered 1`] = `
<div
  class="euiSelectableList euiSelectableList-bordered testClass1 testClass2"
  data-test-subj="test subject string"
>
  <div
    data-eui="EuiAutoSizer"
  >
    <div
      class="euiSelectableList__list"
      style="position:relative;height:192px;width:600px;overflow:auto;-webkit-overflow-scrolling:touch;will-change:transform;direction:ltr"
    >
      <ul
        style="height:192px;width:100%"
      >
        <li
          aria-posinset="1"
          aria-selected="false"
          aria-setsize="6"
          class="euiSelectableListItem"
          data-test-subj="titanOption"
          id="option_0"
          role="option"
          style="position:absolute;left:0;top:0;height:32px;width:100%"
          title="Titan"
        >
          <span
            class="euiSelectableListItem__content"
          >
            <span
              class="euiSelectableListItem__icon"
              data-euiicon-type="empty"
            />
            <span
              class="euiSelectableListItem__text"
            >
              <span>
                Titan
              </span>
            </span>
          </span>
        </li>
        <li
          aria-posinset="2"
          aria-selected="false"
          aria-setsize="6"
          class="euiSelectableListItem"
          id="option_1"
          role="option"
          style="position:absolute;left:0;top:32px;height:32px;width:100%"
          title="Enceladus"
        >
          <span
            class="euiSelectableListItem__content"
          >
            <span
              class="euiSelectableListItem__icon"
              data-euiicon-type="empty"
            />
            <span
              class="euiSelectableListItem__text"
            >
              <span>
                Enceladus
              </span>
            </span>
          </span>
        </li>
        <li
          aria-posinset="3"
          aria-selected="false"
          aria-setsize="6"
          class="euiSelectableListItem"
          id="option_2"
          role="option"
          style="position:absolute;left:0;top:64px;height:32px;width:100%"
          title="Mimas"
        >
          <span
            class="euiSelectableListItem__content"
          >
            <span
              class="euiSelectableListItem__icon"
              data-euiicon-type="empty"
            />
            <span
              class="euiSelectableListItem__text"
            >
              <span>
                Mimas
              </span>
            </span>
          </span>
        </li>
        <li
          aria-posinset="4"
          aria-selected="false"
          aria-setsize="6"
          class="euiSelectableListItem"
          id="option_3"
          role="option"
          style="position:absolute;left:0;top:96px;height:32px;width:100%"
          title="Pandora is one of Saturn's moons, named for a Titaness of Greek mythology"
        >
          <span
            class="euiSelectableListItem__content"
          >
            <span
              class="euiSelectableListItem__icon"
              data-euiicon-type="empty"
            />
            <span
              class="euiSelectableListItem__text"
            >
              <span>
                Pandora is one of Saturn's moons, named for a Titaness of Greek mythology
              </span>
            </span>
          </span>
        </li>
        <li
          aria-posinset="5"
          aria-selected="false"
          aria-setsize="6"
          class="euiSelectableListItem"
          id="option_4"
          role="option"
          style="position:absolute;left:0;top:128px;height:32px;width:100%"
          title="Tethys"
        >
          <span
            class="euiSelectableListItem__content"
          >
            <span
              class="euiSelectableListItem__icon"
              data-euiicon-type="empty"
            />
            <span
              class="euiSelectableListItem__text"
            >
              <span>
                Tethys
              </span>
            </span>
          </span>
        </li>
        <li
          aria-posinset="6"
          aria-selected="false"
          aria-setsize="6"
          class="euiSelectableListItem"
          id="option_5"
          role="option"
          style="position:absolute;left:0;top:160px;height:32px;width:100%"
          title="Hyperion"
        >
          <span
            class="euiSelectableListItem__content"
          >
            <span
              class="euiSelectableListItem__icon"
              data-euiicon-type="empty"
            />
            <span
              class="euiSelectableListItem__text"
            >
              <span>
                Hyperion
              </span>
            </span>
          </span>
        </li>
      </ul>
    </div>
  </div>
</div>
`;

exports[`EuiSelectableListItem props height is forced 1`] = `
<div
  class="euiSelectableList testClass1 testClass2"
  data-test-subj="test subject string"
>
  <div
    data-eui="EuiAutoSizer"
  >
    <div
      class="euiSelectableList__list"
      style="position:relative;height:200px;width:600px;overflow:auto;-webkit-overflow-scrolling:touch;will-change:transform;direction:ltr"
    >
      <ul
        style="height:192px;width:100%"
      >
        <li
          aria-posinset="1"
          aria-selected="false"
          aria-setsize="6"
          class="euiSelectableListItem"
          data-test-subj="titanOption"
          id="option_0"
          role="option"
          style="position:absolute;left:0;top:0;height:32px;width:100%"
          title="Titan"
        >
          <span
            class="euiSelectableListItem__content"
          >
            <span
              class="euiSelectableListItem__icon"
              data-euiicon-type="empty"
            />
            <span
              class="euiSelectableListItem__text"
            >
              <span>
                Titan
              </span>
            </span>
          </span>
        </li>
        <li
          aria-posinset="2"
          aria-selected="false"
          aria-setsize="6"
          class="euiSelectableListItem"
          id="option_1"
          role="option"
          style="position:absolute;left:0;top:32px;height:32px;width:100%"
          title="Enceladus"
        >
          <span
            class="euiSelectableListItem__content"
          >
            <span
              class="euiSelectableListItem__icon"
              data-euiicon-type="empty"
            />
            <span
              class="euiSelectableListItem__text"
            >
              <span>
                Enceladus
              </span>
            </span>
          </span>
        </li>
        <li
          aria-posinset="3"
          aria-selected="false"
          aria-setsize="6"
          class="euiSelectableListItem"
          id="option_2"
          role="option"
          style="position:absolute;left:0;top:64px;height:32px;width:100%"
          title="Mimas"
        >
          <span
            class="euiSelectableListItem__content"
          >
            <span
              class="euiSelectableListItem__icon"
              data-euiicon-type="empty"
            />
            <span
              class="euiSelectableListItem__text"
            >
              <span>
                Mimas
              </span>
            </span>
          </span>
        </li>
        <li
          aria-posinset="4"
          aria-selected="false"
          aria-setsize="6"
          class="euiSelectableListItem"
          id="option_3"
          role="option"
          style="position:absolute;left:0;top:96px;height:32px;width:100%"
          title="Pandora is one of Saturn's moons, named for a Titaness of Greek mythology"
        >
          <span
            class="euiSelectableListItem__content"
          >
            <span
              class="euiSelectableListItem__icon"
              data-euiicon-type="empty"
            />
            <span
              class="euiSelectableListItem__text"
            >
              <span>
                Pandora is one of Saturn's moons, named for a Titaness of Greek mythology
              </span>
            </span>
          </span>
        </li>
        <li
          aria-posinset="5"
          aria-selected="false"
          aria-setsize="6"
          class="euiSelectableListItem"
          id="option_4"
          role="option"
          style="position:absolute;left:0;top:128px;height:32px;width:100%"
          title="Tethys"
        >
          <span
            class="euiSelectableListItem__content"
          >
            <span
              class="euiSelectableListItem__icon"
              data-euiicon-type="empty"
            />
            <span
              class="euiSelectableListItem__text"
            >
              <span>
                Tethys
              </span>
            </span>
          </span>
        </li>
        <li
          aria-posinset="6"
          aria-selected="false"
          aria-setsize="6"
          class="euiSelectableListItem"
          id="option_5"
          role="option"
          style="position:absolute;left:0;top:160px;height:32px;width:100%"
          title="Hyperion"
        >
          <span
            class="euiSelectableListItem__content"
          >
            <span
              class="euiSelectableListItem__icon"
              data-euiicon-type="empty"
            />
            <span
              class="euiSelectableListItem__text"
            >
              <span>
                Hyperion
              </span>
            </span>
          </span>
        </li>
      </ul>
    </div>
  </div>
</div>
`;

exports[`EuiSelectableListItem props height is full 1`] = `
<div
  class="euiSelectableList euiSelectableList-fullHeight testClass1 testClass2"
  data-test-subj="test subject string"
>
  <div
    data-eui="EuiAutoSizer"
  >
    <div
      class="euiSelectableList__list"
      style="position:relative;height:600px;width:600px;overflow:auto;-webkit-overflow-scrolling:touch;will-change:transform;direction:ltr"
    >
      <ul
        style="height:192px;width:100%"
      >
        <li
          aria-posinset="1"
          aria-selected="false"
          aria-setsize="6"
          class="euiSelectableListItem"
          data-test-subj="titanOption"
          id="option_0"
          role="option"
          style="position:absolute;left:0;top:0;height:32px;width:100%"
          title="Titan"
        >
          <span
            class="euiSelectableListItem__content"
          >
            <span
              class="euiSelectableListItem__icon"
              data-euiicon-type="empty"
            />
            <span
              class="euiSelectableListItem__text"
            >
              <span>
                Titan
              </span>
            </span>
          </span>
        </li>
        <li
          aria-posinset="2"
          aria-selected="false"
          aria-setsize="6"
          class="euiSelectableListItem"
          id="option_1"
          role="option"
          style="position:absolute;left:0;top:32px;height:32px;width:100%"
          title="Enceladus"
        >
          <span
            class="euiSelectableListItem__content"
          >
            <span
              class="euiSelectableListItem__icon"
              data-euiicon-type="empty"
            />
            <span
              class="euiSelectableListItem__text"
            >
              <span>
                Enceladus
              </span>
            </span>
          </span>
        </li>
        <li
          aria-posinset="3"
          aria-selected="false"
          aria-setsize="6"
          class="euiSelectableListItem"
          id="option_2"
          role="option"
          style="position:absolute;left:0;top:64px;height:32px;width:100%"
          title="Mimas"
        >
          <span
            class="euiSelectableListItem__content"
          >
            <span
              class="euiSelectableListItem__icon"
              data-euiicon-type="empty"
            />
            <span
              class="euiSelectableListItem__text"
            >
              <span>
                Mimas
              </span>
            </span>
          </span>
        </li>
        <li
          aria-posinset="4"
          aria-selected="false"
          aria-setsize="6"
          class="euiSelectableListItem"
          id="option_3"
          role="option"
          style="position:absolute;left:0;top:96px;height:32px;width:100%"
          title="Pandora is one of Saturn's moons, named for a Titaness of Greek mythology"
        >
          <span
            class="euiSelectableListItem__content"
          >
            <span
              class="euiSelectableListItem__icon"
              data-euiicon-type="empty"
            />
            <span
              class="euiSelectableListItem__text"
            >
              <span>
                Pandora is one of Saturn's moons, named for a Titaness of Greek mythology
              </span>
            </span>
          </span>
        </li>
        <li
          aria-posinset="5"
          aria-selected="false"
          aria-setsize="6"
          class="euiSelectableListItem"
          id="option_4"
          role="option"
          style="position:absolute;left:0;top:128px;height:32px;width:100%"
          title="Tethys"
        >
          <span
            class="euiSelectableListItem__content"
          >
            <span
              class="euiSelectableListItem__icon"
              data-euiicon-type="empty"
            />
            <span
              class="euiSelectableListItem__text"
            >
              <span>
                Tethys
              </span>
            </span>
          </span>
        </li>
        <li
          aria-posinset="6"
          aria-selected="false"
          aria-setsize="6"
          class="euiSelectableListItem"
          id="option_5"
          role="option"
          style="position:absolute;left:0;top:160px;height:32px;width:100%"
          title="Hyperion"
        >
          <span
            class="euiSelectableListItem__content"
          >
            <span
              class="euiSelectableListItem__icon"
              data-euiicon-type="empty"
            />
            <span
              class="euiSelectableListItem__text"
            >
              <span>
                Hyperion
              </span>
            </span>
          </span>
        </li>
      </ul>
    </div>
  </div>
</div>
`;

exports[`EuiSelectableListItem props renderOption 1`] = `
<div
  class="euiSelectableList testClass1 testClass2"
  data-test-subj="test subject string"
>
  <div
    data-eui="EuiAutoSizer"
  >
    <div
      class="euiSelectableList__list"
      style="position:relative;height:192px;width:600px;overflow:auto;-webkit-overflow-scrolling:touch;will-change:transform;direction:ltr"
    >
      <ul
        style="height:192px;width:100%"
      >
        <li
          aria-posinset="1"
          aria-selected="false"
          aria-setsize="6"
          class="euiSelectableListItem"
          data-test-subj="titanOption"
          id="option_0"
          role="option"
          style="position:absolute;left:0;top:0;height:32px;width:100%"
          title="Titan"
        >
          <span
            class="euiSelectableListItem__content"
          >
            <span
              class="euiSelectableListItem__icon"
              data-euiicon-type="empty"
            />
            <span
              class="euiSelectableListItem__text"
            >
              <span>
                 =&gt; Titan
              </span>
            </span>
          </span>
        </li>
        <li
          aria-posinset="2"
          aria-selected="false"
          aria-setsize="6"
          class="euiSelectableListItem"
          id="option_1"
          role="option"
          style="position:absolute;left:0;top:32px;height:32px;width:100%"
          title="Enceladus"
        >
          <span
            class="euiSelectableListItem__content"
          >
            <span
              class="euiSelectableListItem__icon"
              data-euiicon-type="empty"
            />
            <span
              class="euiSelectableListItem__text"
            >
              <span>
                 =&gt; Enceladus
              </span>
            </span>
          </span>
        </li>
        <li
          aria-posinset="3"
          aria-selected="false"
          aria-setsize="6"
          class="euiSelectableListItem"
          id="option_2"
          role="option"
          style="position:absolute;left:0;top:64px;height:32px;width:100%"
          title="Mimas"
        >
          <span
            class="euiSelectableListItem__content"
          >
            <span
              class="euiSelectableListItem__icon"
              data-euiicon-type="empty"
            />
            <span
              class="euiSelectableListItem__text"
            >
              <span>
                 =&gt; Mimas
              </span>
            </span>
          </span>
        </li>
        <li
          aria-posinset="4"
          aria-selected="false"
          aria-setsize="6"
          class="euiSelectableListItem"
          id="option_3"
          role="option"
          style="position:absolute;left:0;top:96px;height:32px;width:100%"
          title="Pandora is one of Saturn's moons, named for a Titaness of Greek mythology"
        >
          <span
            class="euiSelectableListItem__content"
          >
            <span
              class="euiSelectableListItem__icon"
              data-euiicon-type="empty"
            />
            <span
              class="euiSelectableListItem__text"
            >
              <span>
                 =&gt; Pandora is one of Saturn's moons, named for a Titaness of Greek mythology
              </span>
            </span>
          </span>
        </li>
        <li
          aria-posinset="5"
          aria-selected="false"
          aria-setsize="6"
          class="euiSelectableListItem"
          id="option_4"
          role="option"
          style="position:absolute;left:0;top:128px;height:32px;width:100%"
          title="Tethys"
        >
          <span
            class="euiSelectableListItem__content"
          >
            <span
              class="euiSelectableListItem__icon"
              data-euiicon-type="empty"
            />
            <span
              class="euiSelectableListItem__text"
            >
              <span>
                 =&gt; Tethys
              </span>
            </span>
          </span>
        </li>
        <li
          aria-posinset="6"
          aria-selected="false"
          aria-setsize="6"
          class="euiSelectableListItem"
          id="option_5"
          role="option"
          style="position:absolute;left:0;top:160px;height:32px;width:100%"
          title="Hyperion"
        >
          <span
            class="euiSelectableListItem__content"
          >
            <span
              class="euiSelectableListItem__icon"
              data-euiicon-type="empty"
            />
            <span
              class="euiSelectableListItem__text"
            >
              <span>
                 =&gt; Hyperion
              </span>
            </span>
          </span>
        </li>
      </ul>
    </div>
  </div>
</div>
`;

exports[`EuiSelectableListItem props rowHeight 1`] = `
<div
  class="euiSelectableList testClass1 testClass2"
  data-test-subj="test subject string"
>
  <div
    data-eui="EuiAutoSizer"
  >
    <div
      class="euiSelectableList__list"
      style="position:relative;height:120px;width:600px;overflow:auto;-webkit-overflow-scrolling:touch;will-change:transform;direction:ltr"
    >
      <ul
        style="height:120px;width:100%"
      >
        <li
          aria-posinset="1"
          aria-selected="false"
          aria-setsize="6"
          class="euiSelectableListItem"
          data-test-subj="titanOption"
          id="option_0"
          role="option"
          style="position:absolute;left:0;top:0;height:20px;width:100%"
          title="Titan"
        >
          <span
            class="euiSelectableListItem__content"
          >
            <span
              class="euiSelectableListItem__icon"
              data-euiicon-type="empty"
            />
            <span
              class="euiSelectableListItem__text"
            >
              <span>
                Titan
              </span>
            </span>
          </span>
        </li>
        <li
          aria-posinset="2"
          aria-selected="false"
          aria-setsize="6"
          class="euiSelectableListItem"
          id="option_1"
          role="option"
          style="position:absolute;left:0;top:20px;height:20px;width:100%"
          title="Enceladus"
        >
          <span
            class="euiSelectableListItem__content"
          >
            <span
              class="euiSelectableListItem__icon"
              data-euiicon-type="empty"
            />
            <span
              class="euiSelectableListItem__text"
            >
              <span>
                Enceladus
              </span>
            </span>
          </span>
        </li>
        <li
          aria-posinset="3"
          aria-selected="false"
          aria-setsize="6"
          class="euiSelectableListItem"
          id="option_2"
          role="option"
          style="position:absolute;left:0;top:40px;height:20px;width:100%"
          title="Mimas"
        >
          <span
            class="euiSelectableListItem__content"
          >
            <span
              class="euiSelectableListItem__icon"
              data-euiicon-type="empty"
            />
            <span
              class="euiSelectableListItem__text"
            >
              <span>
                Mimas
              </span>
            </span>
          </span>
        </li>
        <li
          aria-posinset="4"
          aria-selected="false"
          aria-setsize="6"
          class="euiSelectableListItem"
          id="option_3"
          role="option"
          style="position:absolute;left:0;top:60px;height:20px;width:100%"
          title="Pandora is one of Saturn's moons, named for a Titaness of Greek mythology"
        >
          <span
            class="euiSelectableListItem__content"
          >
            <span
              class="euiSelectableListItem__icon"
              data-euiicon-type="empty"
            />
            <span
              class="euiSelectableListItem__text"
            >
              <span>
                Pandora is one of Saturn's moons, named for a Titaness of Greek mythology
              </span>
            </span>
          </span>
        </li>
        <li
          aria-posinset="5"
          aria-selected="false"
          aria-setsize="6"
          class="euiSelectableListItem"
          id="option_4"
          role="option"
          style="position:absolute;left:0;top:80px;height:20px;width:100%"
          title="Tethys"
        >
          <span
            class="euiSelectableListItem__content"
          >
            <span
              class="euiSelectableListItem__icon"
              data-euiicon-type="empty"
            />
            <span
              class="euiSelectableListItem__text"
            >
              <span>
                Tethys
              </span>
            </span>
          </span>
        </li>
        <li
          aria-posinset="6"
          aria-selected="false"
          aria-setsize="6"
          class="euiSelectableListItem"
          id="option_5"
          role="option"
          style="position:absolute;left:0;top:100px;height:20px;width:100%"
          title="Hyperion"
        >
          <span
            class="euiSelectableListItem__content"
          >
            <span
              class="euiSelectableListItem__icon"
              data-euiicon-type="empty"
            />
            <span
              class="euiSelectableListItem__text"
            >
              <span>
                Hyperion
              </span>
            </span>
          </span>
        </li>
      </ul>
    </div>
  </div>
</div>
`;

exports[`EuiSelectableListItem props searchValue 1`] = `
<div
  class="euiSelectableList testClass1 testClass2"
  data-test-subj="test subject string"
>
  <div
    data-eui="EuiAutoSizer"
  >
    <div
      class="euiSelectableList__list"
      style="position:relative;height:192px;width:600px;overflow:auto;-webkit-overflow-scrolling:touch;will-change:transform;direction:ltr"
    >
      <ul
        style="height:192px;width:100%"
      >
        <li
          aria-posinset="1"
          aria-selected="false"
          aria-setsize="6"
          class="euiSelectableListItem"
          data-test-subj="titanOption"
          id="option_0"
          role="option"
          style="position:absolute;left:0;top:0;height:32px;width:100%"
          title="Titan"
        >
          <span
            class="euiSelectableListItem__content"
          >
            <span
              class="euiSelectableListItem__icon"
              data-euiicon-type="empty"
            />
            <span
              class="euiSelectableListItem__text"
            >
              <span>
                Titan
              </span>
            </span>
          </span>
        </li>
        <li
          aria-posinset="2"
          aria-selected="false"
          aria-setsize="6"
          class="euiSelectableListItem"
          id="option_1"
          role="option"
          style="position:absolute;left:0;top:32px;height:32px;width:100%"
          title="Enceladus"
        >
          <span
            class="euiSelectableListItem__content"
          >
            <span
              class="euiSelectableListItem__icon"
              data-euiicon-type="empty"
            />
            <span
              class="euiSelectableListItem__text"
            >
              <span>
                Enceladus
              </span>
            </span>
          </span>
        </li>
        <li
          aria-posinset="3"
          aria-selected="false"
          aria-setsize="6"
          class="euiSelectableListItem"
          id="option_2"
          role="option"
          style="position:absolute;left:0;top:64px;height:32px;width:100%"
          title="Mimas"
        >
          <span
            class="euiSelectableListItem__content"
          >
            <span
              class="euiSelectableListItem__icon"
              data-euiicon-type="empty"
            />
            <span
              class="euiSelectableListItem__text"
            >
              <span>
                <mark
                  class="euiMark"
                >
                  Mi
                </mark>
                mas
              </span>
            </span>
          </span>
        </li>
        <li
          aria-posinset="4"
          aria-selected="false"
          aria-setsize="6"
          class="euiSelectableListItem"
          id="option_3"
          role="option"
          style="position:absolute;left:0;top:96px;height:32px;width:100%"
          title="Pandora is one of Saturn's moons, named for a Titaness of Greek mythology"
        >
          <span
            class="euiSelectableListItem__content"
          >
            <span
              class="euiSelectableListItem__icon"
              data-euiicon-type="empty"
            />
            <span
              class="euiSelectableListItem__text"
            >
              <span>
                Pandora is one of Saturn's moons, named for a Titaness of Greek mythology
              </span>
            </span>
          </span>
        </li>
        <li
          aria-posinset="5"
          aria-selected="false"
          aria-setsize="6"
          class="euiSelectableListItem"
          id="option_4"
          role="option"
          style="position:absolute;left:0;top:128px;height:32px;width:100%"
          title="Tethys"
        >
          <span
            class="euiSelectableListItem__content"
          >
            <span
              class="euiSelectableListItem__icon"
              data-euiicon-type="empty"
            />
            <span
              class="euiSelectableListItem__text"
            >
              <span>
                Tethys
              </span>
            </span>
          </span>
        </li>
        <li
          aria-posinset="6"
          aria-selected="false"
          aria-setsize="6"
          class="euiSelectableListItem"
          id="option_5"
          role="option"
          style="position:absolute;left:0;top:160px;height:32px;width:100%"
          title="Hyperion"
        >
          <span
            class="euiSelectableListItem__content"
          >
            <span
              class="euiSelectableListItem__icon"
              data-euiicon-type="empty"
            />
            <span
              class="euiSelectableListItem__text"
            >
              <span>
                Hyperion
              </span>
            </span>
          </span>
        </li>
      </ul>
    </div>
  </div>
</div>
`;

exports[`EuiSelectableListItem props searchValue 2`] = `
<div
  class="euiSelectableList testClass1 testClass2"
  data-test-subj="test subject string"
>
  <div
    data-eui="EuiAutoSizer"
  >
    <div
      class="euiSelectableList__list"
      style="position:relative;height:192px;width:600px;overflow:auto;-webkit-overflow-scrolling:touch;will-change:transform;direction:ltr"
    >
      <ul
        style="height:192px;width:100%"
      >
        <li
          aria-posinset="1"
          aria-selected="false"
          aria-setsize="6"
          class="euiSelectableListItem"
          data-test-subj="titanOption"
          id="option_0"
          role="option"
          style="position:absolute;left:0;top:0;height:32px;width:100%"
          title="Titan"
        >
          <span
            class="euiSelectableListItem__content"
          >
            <span
              class="euiSelectableListItem__icon"
              data-euiicon-type="empty"
            />
            <span
              class="euiSelectableListItem__text"
            >
              <span>
                Titan
              </span>
            </span>
          </span>
        </li>
        <li
          aria-posinset="2"
          aria-selected="false"
          aria-setsize="6"
          class="euiSelectableListItem"
          id="option_1"
          role="option"
          style="position:absolute;left:0;top:32px;height:32px;width:100%"
          title="Enceladus"
        >
          <span
            class="euiSelectableListItem__content"
          >
            <span
              class="euiSelectableListItem__icon"
              data-euiicon-type="empty"
            />
            <span
              class="euiSelectableListItem__text"
            >
              <span>
                Enceladus
              </span>
            </span>
          </span>
        </li>
        <li
          aria-posinset="3"
          aria-selected="false"
          aria-setsize="6"
          class="euiSelectableListItem"
          id="option_2"
          role="option"
          style="position:absolute;left:0;top:64px;height:32px;width:100%"
          title="Mimas"
        >
          <span
            class="euiSelectableListItem__content"
          >
            <span
              class="euiSelectableListItem__icon"
              data-euiicon-type="empty"
            />
            <span
              class="euiSelectableListItem__text"
            >
              <span>
                <mark
                  class="euiMark"
                >
                  Mi
                </mark>
                mas
              </span>
            </span>
          </span>
        </li>
        <li
          aria-posinset="4"
          aria-selected="false"
          aria-setsize="6"
          class="euiSelectableListItem"
          id="option_3"
          role="option"
          style="position:absolute;left:0;top:96px;height:32px;width:100%"
          title="Pandora is one of Saturn's moons, named for a Titaness of Greek mythology"
        >
          <span
            class="euiSelectableListItem__content"
          >
            <span
              class="euiSelectableListItem__icon"
              data-euiicon-type="empty"
            />
            <span
              class="euiSelectableListItem__text"
            >
              <span>
                Pandora is one of Saturn's moons, named for a Titaness of Greek mythology
              </span>
            </span>
          </span>
        </li>
        <li
          aria-posinset="5"
          aria-selected="false"
          aria-setsize="6"
          class="euiSelectableListItem"
          id="option_4"
          role="option"
          style="position:absolute;left:0;top:128px;height:32px;width:100%"
          title="Tethys"
        >
          <span
            class="euiSelectableListItem__content"
          >
            <span
              class="euiSelectableListItem__icon"
              data-euiicon-type="empty"
            />
            <span
              class="euiSelectableListItem__text"
            >
              <span>
                Tethys
              </span>
            </span>
          </span>
        </li>
        <li
          aria-posinset="6"
          aria-selected="false"
          aria-setsize="6"
          class="euiSelectableListItem"
          id="option_5"
          role="option"
          style="position:absolute;left:0;top:160px;height:32px;width:100%"
          title="Hyperion"
        >
          <span
            class="euiSelectableListItem__content"
          >
            <span
              class="euiSelectableListItem__icon"
              data-euiicon-type="empty"
            />
            <span
              class="euiSelectableListItem__text"
            >
              <span>
                Hyperion
              </span>
            </span>
          </span>
        </li>
      </ul>
    </div>
  </div>
</div>
`;

exports[`EuiSelectableListItem props showIcons can be turned off 1`] = `
<div
  class="euiSelectableList testClass1 testClass2"
  data-test-subj="test subject string"
>
  <div
    data-eui="EuiAutoSizer"
  >
    <div
      class="euiSelectableList__list"
      style="position:relative;height:192px;width:600px;overflow:auto;-webkit-overflow-scrolling:touch;will-change:transform;direction:ltr"
    >
      <ul
        style="height:192px;width:100%"
      >
        <li
          aria-posinset="1"
          aria-selected="false"
          aria-setsize="6"
          class="euiSelectableListItem"
          data-test-subj="titanOption"
          id="option_0"
          role="option"
          style="position:absolute;left:0;top:0;height:32px;width:100%"
          title="Titan"
        >
          <span
            class="euiSelectableListItem__content"
          >
            <span
              class="euiSelectableListItem__text"
            >
              <span>
                Titan
              </span>
            </span>
          </span>
        </li>
        <li
          aria-posinset="2"
          aria-selected="false"
          aria-setsize="6"
          class="euiSelectableListItem"
          id="option_1"
          role="option"
          style="position:absolute;left:0;top:32px;height:32px;width:100%"
          title="Enceladus"
        >
          <span
            class="euiSelectableListItem__content"
          >
            <span
              class="euiSelectableListItem__text"
            >
              <span>
                Enceladus
              </span>
            </span>
          </span>
        </li>
        <li
          aria-posinset="3"
          aria-selected="false"
          aria-setsize="6"
          class="euiSelectableListItem"
          id="option_2"
          role="option"
          style="position:absolute;left:0;top:64px;height:32px;width:100%"
          title="Mimas"
        >
          <span
            class="euiSelectableListItem__content"
          >
            <span
              class="euiSelectableListItem__text"
            >
              <span>
                Mimas
              </span>
            </span>
          </span>
        </li>
        <li
          aria-posinset="4"
          aria-selected="false"
          aria-setsize="6"
          class="euiSelectableListItem"
          id="option_3"
          role="option"
          style="position:absolute;left:0;top:96px;height:32px;width:100%"
          title="Pandora is one of Saturn's moons, named for a Titaness of Greek mythology"
        >
          <span
            class="euiSelectableListItem__content"
          >
            <span
              class="euiSelectableListItem__text"
            >
              <span>
                Pandora is one of Saturn's moons, named for a Titaness of Greek mythology
              </span>
            </span>
          </span>
        </li>
        <li
          aria-posinset="5"
          aria-selected="false"
          aria-setsize="6"
          class="euiSelectableListItem"
          id="option_4"
          role="option"
          style="position:absolute;left:0;top:128px;height:32px;width:100%"
          title="Tethys"
        >
          <span
            class="euiSelectableListItem__content"
          >
            <span
              class="euiSelectableListItem__text"
            >
              <span>
                Tethys
              </span>
            </span>
          </span>
        </li>
        <li
          aria-posinset="6"
          aria-selected="false"
          aria-setsize="6"
          class="euiSelectableListItem"
          id="option_5"
          role="option"
          style="position:absolute;left:0;top:160px;height:32px;width:100%"
          title="Hyperion"
        >
          <span
            class="euiSelectableListItem__content"
          >
            <span
              class="euiSelectableListItem__text"
            >
              <span>
                Hyperion
              </span>
            </span>
          </span>
        </li>
      </ul>
    </div>
  </div>
</div>
`;

exports[`EuiSelectableListItem props singleSelection can be forced so that at least one must be selected 1`] = `
<div
  class="euiSelectableList testClass1 testClass2"
  data-test-subj="test subject string"
>
  <div
    data-eui="EuiAutoSizer"
  >
    <div
      class="euiSelectableList__list"
      style="position:relative;height:192px;width:600px;overflow:auto;-webkit-overflow-scrolling:touch;will-change:transform;direction:ltr"
    >
      <ul
        style="height:192px;width:100%"
      >
        <li
          aria-posinset="1"
          aria-selected="false"
          aria-setsize="6"
          class="euiSelectableListItem"
          data-test-subj="titanOption"
          id="option_0"
          role="option"
          style="position:absolute;left:0;top:0;height:32px;width:100%"
          title="Titan"
        >
          <span
            class="euiSelectableListItem__content"
          >
            <span
              class="euiSelectableListItem__icon"
              data-euiicon-type="empty"
            />
            <span
              class="euiSelectableListItem__text"
            >
              <span>
                Titan
              </span>
            </span>
          </span>
        </li>
        <li
          aria-posinset="2"
          aria-selected="false"
          aria-setsize="6"
          class="euiSelectableListItem"
          id="option_1"
          role="option"
          style="position:absolute;left:0;top:32px;height:32px;width:100%"
          title="Enceladus"
        >
          <span
            class="euiSelectableListItem__content"
          >
            <span
              class="euiSelectableListItem__icon"
              data-euiicon-type="empty"
            />
            <span
              class="euiSelectableListItem__text"
            >
              <span>
                Enceladus
              </span>
            </span>
          </span>
        </li>
        <li
          aria-posinset="3"
          aria-selected="false"
          aria-setsize="6"
          class="euiSelectableListItem"
          id="option_2"
          role="option"
          style="position:absolute;left:0;top:64px;height:32px;width:100%"
          title="Mimas"
        >
          <span
            class="euiSelectableListItem__content"
          >
            <span
              class="euiSelectableListItem__icon"
              data-euiicon-type="empty"
            />
            <span
              class="euiSelectableListItem__text"
            >
              <span>
                Mimas
              </span>
            </span>
          </span>
        </li>
        <li
          aria-posinset="4"
          aria-selected="false"
          aria-setsize="6"
          class="euiSelectableListItem"
          id="option_3"
          role="option"
          style="position:absolute;left:0;top:96px;height:32px;width:100%"
          title="Pandora is one of Saturn's moons, named for a Titaness of Greek mythology"
        >
          <span
            class="euiSelectableListItem__content"
          >
            <span
              class="euiSelectableListItem__icon"
              data-euiicon-type="empty"
            />
            <span
              class="euiSelectableListItem__text"
            >
              <span>
                Pandora is one of Saturn's moons, named for a Titaness of Greek mythology
              </span>
            </span>
          </span>
        </li>
        <li
          aria-posinset="5"
          aria-selected="false"
          aria-setsize="6"
          class="euiSelectableListItem"
          id="option_4"
          role="option"
          style="position:absolute;left:0;top:128px;height:32px;width:100%"
          title="Tethys"
        >
          <span
            class="euiSelectableListItem__content"
          >
            <span
              class="euiSelectableListItem__icon"
              data-euiicon-type="empty"
            />
            <span
              class="euiSelectableListItem__text"
            >
              <span>
                Tethys
              </span>
            </span>
          </span>
        </li>
        <li
          aria-posinset="6"
          aria-selected="false"
          aria-setsize="6"
          class="euiSelectableListItem"
          id="option_5"
          role="option"
          style="position:absolute;left:0;top:160px;height:32px;width:100%"
          title="Hyperion"
        >
          <span
            class="euiSelectableListItem__content"
          >
            <span
              class="euiSelectableListItem__icon"
              data-euiicon-type="empty"
            />
            <span
              class="euiSelectableListItem__text"
            >
              <span>
                Hyperion
              </span>
            </span>
          </span>
        </li>
      </ul>
    </div>
  </div>
</div>
`;

exports[`EuiSelectableListItem props singleSelection can be turned on 1`] = `
<div
  class="euiSelectableList testClass1 testClass2"
  data-test-subj="test subject string"
>
  <div
    data-eui="EuiAutoSizer"
  >
    <div
      class="euiSelectableList__list"
      style="position:relative;height:192px;width:600px;overflow:auto;-webkit-overflow-scrolling:touch;will-change:transform;direction:ltr"
    >
      <ul
        style="height:192px;width:100%"
      >
        <li
          aria-posinset="1"
          aria-selected="false"
          aria-setsize="6"
          class="euiSelectableListItem"
          data-test-subj="titanOption"
          id="option_0"
          role="option"
          style="position:absolute;left:0;top:0;height:32px;width:100%"
          title="Titan"
        >
          <span
            class="euiSelectableListItem__content"
          >
            <span
              class="euiSelectableListItem__icon"
              data-euiicon-type="empty"
            />
            <span
              class="euiSelectableListItem__text"
            >
              <span>
                Titan
              </span>
            </span>
          </span>
        </li>
        <li
          aria-posinset="2"
          aria-selected="false"
          aria-setsize="6"
          class="euiSelectableListItem"
          id="option_1"
          role="option"
          style="position:absolute;left:0;top:32px;height:32px;width:100%"
          title="Enceladus"
        >
          <span
            class="euiSelectableListItem__content"
          >
            <span
              class="euiSelectableListItem__icon"
              data-euiicon-type="empty"
            />
            <span
              class="euiSelectableListItem__text"
            >
              <span>
                Enceladus
              </span>
            </span>
          </span>
        </li>
        <li
          aria-posinset="3"
          aria-selected="false"
          aria-setsize="6"
          class="euiSelectableListItem"
          id="option_2"
          role="option"
          style="position:absolute;left:0;top:64px;height:32px;width:100%"
          title="Mimas"
        >
          <span
            class="euiSelectableListItem__content"
          >
            <span
              class="euiSelectableListItem__icon"
              data-euiicon-type="empty"
            />
            <span
              class="euiSelectableListItem__text"
            >
              <span>
                Mimas
              </span>
            </span>
          </span>
        </li>
        <li
          aria-posinset="4"
          aria-selected="false"
          aria-setsize="6"
          class="euiSelectableListItem"
          id="option_3"
          role="option"
          style="position:absolute;left:0;top:96px;height:32px;width:100%"
          title="Pandora is one of Saturn's moons, named for a Titaness of Greek mythology"
        >
          <span
            class="euiSelectableListItem__content"
          >
            <span
              class="euiSelectableListItem__icon"
              data-euiicon-type="empty"
            />
            <span
              class="euiSelectableListItem__text"
            >
              <span>
                Pandora is one of Saturn's moons, named for a Titaness of Greek mythology
              </span>
            </span>
          </span>
        </li>
        <li
          aria-posinset="5"
          aria-selected="false"
          aria-setsize="6"
          class="euiSelectableListItem"
          id="option_4"
          role="option"
          style="position:absolute;left:0;top:128px;height:32px;width:100%"
          title="Tethys"
        >
          <span
            class="euiSelectableListItem__content"
          >
            <span
              class="euiSelectableListItem__icon"
              data-euiicon-type="empty"
            />
            <span
              class="euiSelectableListItem__text"
            >
              <span>
                Tethys
              </span>
            </span>
          </span>
        </li>
        <li
          aria-posinset="6"
          aria-selected="false"
          aria-setsize="6"
          class="euiSelectableListItem"
          id="option_5"
          role="option"
          style="position:absolute;left:0;top:160px;height:32px;width:100%"
          title="Hyperion"
        >
          <span
            class="euiSelectableListItem__content"
          >
            <span
              class="euiSelectableListItem__icon"
              data-euiicon-type="empty"
            />
            <span
              class="euiSelectableListItem__text"
            >
              <span>
                Hyperion
              </span>
            </span>
          </span>
        </li>
      </ul>
    </div>
  </div>
</div>
`;

exports[`EuiSelectableListItem props visibleOptions 1`] = `
<div
  class="euiSelectableList testClass1 testClass2"
  data-test-subj="test subject string"
>
  <div
    data-eui="EuiAutoSizer"
  >
    <div
      class="euiSelectableList__list"
      style="position:relative;height:128px;width:600px;overflow:auto;-webkit-overflow-scrolling:touch;will-change:transform;direction:ltr"
    >
      <ul
        style="height:128px;width:100%"
      >
        <li
          aria-posinset="1"
          aria-selected="false"
          aria-setsize="4"
          class="euiSelectableListItem"
          id="option_0"
          role="option"
          style="position:absolute;left:0;top:0;height:32px;width:100%"
          title="Mimas"
        >
          <span
            class="euiSelectableListItem__content"
          >
            <span
              class="euiSelectableListItem__icon"
              data-euiicon-type="empty"
            />
            <span
              class="euiSelectableListItem__text"
            >
              <span>
                Mimas
              </span>
            </span>
          </span>
        </li>
        <li
          aria-posinset="2"
          aria-selected="false"
          aria-setsize="4"
          class="euiSelectableListItem"
          id="option_1"
          role="option"
          style="position:absolute;left:0;top:32px;height:32px;width:100%"
          title="Pandora is one of Saturn's moons, named for a Titaness of Greek mythology"
        >
          <span
            class="euiSelectableListItem__content"
          >
            <span
              class="euiSelectableListItem__icon"
              data-euiicon-type="empty"
            />
            <span
              class="euiSelectableListItem__text"
            >
              <span>
                Pandora is one of Saturn's moons, named for a Titaness of Greek mythology
              </span>
            </span>
          </span>
        </li>
        <li
          aria-posinset="3"
          aria-selected="false"
          aria-setsize="4"
          class="euiSelectableListItem"
          id="option_2"
          role="option"
          style="position:absolute;left:0;top:64px;height:32px;width:100%"
          title="Tethys"
        >
          <span
            class="euiSelectableListItem__content"
          >
            <span
              class="euiSelectableListItem__icon"
              data-euiicon-type="empty"
            />
            <span
              class="euiSelectableListItem__text"
            >
              <span>
                Tethys
              </span>
            </span>
          </span>
        </li>
        <li
          aria-posinset="4"
          aria-selected="false"
          aria-setsize="4"
          class="euiSelectableListItem"
          id="option_3"
          role="option"
          style="position:absolute;left:0;top:96px;height:32px;width:100%"
          title="Hyperion"
        >
          <span
            class="euiSelectableListItem__content"
          >
            <span
              class="euiSelectableListItem__icon"
              data-euiicon-type="empty"
            />
            <span
              class="euiSelectableListItem__text"
            >
              <span>
                Hyperion
              </span>
            </span>
          </span>
        </li>
      </ul>
    </div>
  </div>
</div>
`;
