// Jest Snapshot v1, https://goo.gl/fbAQLP

exports[`IsFilter render 1`] = `
<button
  aria-pressed="false"
  class="euiButtonEmpty euiFilterButton emotion-euiButtonDisplay-euiButtonEmpty-m-empty-text"
  type="button"
>
  <span
    class="euiButtonEmpty__content emotion-euiButtonDisplayContent"
  >
    <span
      class="eui-textTruncate euiButtonEmpty__text"
    >
      <span
        class="euiFilterButton__textShift"
        data-text="Open"
        title="Open"
      >
        Open
      </span>
    </span>
  </span>
</button>
`;
