// Jest Snapshot v1, https://goo.gl/fbAQLP

exports[`FilterBar render - no filters 1`] = `Array []`;

exports[`FilterBar render - with filters 1`] = `
Array [
  <div
    grow={false}
    key="filter_0"
    style={
      Object {
        "display": "inline-block",
      }
    }
  />,
  <div
    grow={false}
    key="filter_1"
    style={
      Object {
        "display": "inline-block",
      }
    }
  />,
]
`;
