// Jest Snapshot v1, https://goo.gl/fbAQLP

exports[`EuiButtonDisplayContent renders 1`] = `
<span
  aria-label="aria-label"
  class="testClass1 testClass2 emotion-euiButtonDisplayContent"
  data-test-subj="test subject string"
>
  <span
    class="eui-textTruncate"
  >
    Content
  </span>
</span>
`;
