// Jest Snapshot v1, https://goo.gl/fbAQLP

exports[`EuiToggle is rendered 1`] = `
<div
  aria-label="aria-label"
  class="euiToggle testClass1 testClass2"
>
  <input
    aria-label="Is toggle on?"
    class="euiToggle__input"
    data-test-subj="test subject string"
    type="checkbox"
  />
</div>
`;
